Metamath - Version 0.199.pre 29-Jan-2022      Type HELP for help, EXIT to exit.
MM> !SET ECHO ON
Command line echoing is now turned on.
MM> !SET SCROLL CONTINUOUS
Continuous scrolling is now in effect.
MM> !READ set.mm
Reading source file "set.mm"... 47101722 bytes
47101722 bytes were read into the source buffer.
The source has 228239 statements; 2867 are $a and 44641 are $p.
No errors were found.  However, proofs were not checked.  Type VERIFY PROOF *
if you want to check them.
MM> !VERIFY PROOF *
0 10%  20%  30%  40%  50%  60%  70%  80%  90% 100%
........................
?Error on line 407032 of file "set.mm" at statement 111454, label "cutpos",
type "$p":
      ACDEUBUC $.
            ^^
There is a disjoint variable ($d) violation at proof step 42.  Assertion
"cutlt" requires that variables "y" and "L" be disjoint.  But "y" was
substituted with "x" and "L" was substituted with "( _L ` A )".
Variables "A" and "x" do not have a disjoint variable requirement in the
assertion being proved, "cutpos".
..........................
All proofs in the database were verified in 3.49 s.
MM> !VERIFY MARKUP *
Checking statement label conventions...
Checking latexdef, htmldef, althtmldef...
Checking statement comments...
